%!Adobe-FontList 1.19
%Locale:0x809

%BeginFont
Handler:DirectoryHandler
FontType:Type1
FontName:TOXIC-Regular
FamilyName:TOXIC
StyleName:Regular
FullName:TOXIC Regular
MenuName:TOXIC
StyleBits:0
WritingScript:Roman
OutlineFileName:G:\NEWdeals\0HandwrittenBrushFonts2\toxic\Font\TOXIC-Regular.otf
DataFormat:sfntData
UsesStandardEncoding:yes
isCFF:yes
hasSVG:no
VariableFontType:NonVariableFont
FileLength:1345832
FileModTime:1600880396
WeightClass:400
WidthClass:5
AngleClass:0
NameArray:0,Mac,4,TOXIC Regular
NameArray:0,Win,1,TOXIC
%EndFont

%BeginFont
Handler:DirectoryHandler
FontType:Invalid
OutlineFileName:G:\NEWdeals\0HandwrittenBrushFonts2\toxic\Font\TOXIC-Regular.woff
FileModTime:1600880444
%EndFont

%BeginFont
Handler:DirectoryHandler
FontType:Invalid
OutlineFileName:G:\NEWdeals\0HandwrittenBrushFonts2\toxic\Font\TOXIC-Regular.woff2
FileModTime:1600880469
%EndFont

%BeginFont
Handler:DirectoryHandler
FontType:Invalid
OutlineFileName:G:\NEWdeals\0HandwrittenBrushFonts2\toxic\Font\ToxicBrushFont.zip
FileModTime:1601371528
%EndFont

